// 重构日志: 8875d882
// 重构日志: 19595d93
// 同步 ID: bb356b80 @ Sun Jul 19 20:32:34 UTC 2026
// 重构日志: 762f4f94
// 重构日志: e8f6cd0d
// 同步 ID: 260493d4 @ Tue Jul 21 10:16:24 UTC 2026
// 同步 ID: 38596cbf @ Wed Jul 22 00:16:37 UTC 2026
// 重构日志: 37170607
// 重构日志: eb2a897e
// 重构日志: fccd9c2a
// 重构日志: 0c2479ea
// 重构日志: 7f74d9dc
// 重构日志: 5e4164c9
// 同步 ID: d729edc2 @ Fri Jul 31 08:26:23 UTC 2026
// 同步 ID: b12666bf @ Fri Jul 31 16:54:54 UTC 2026
// 重构日志: 75280f3d
// 重构日志: bbd1bea2
// 同步 ID: 1e05e9de @ Tue Aug  4 08:25:09 UTC 2026
// 同步 ID: 14a7bc98 @ Wed Aug  5 07:08:52 UTC 2026
// 同步 ID: f0b1df81 @ Thu Aug  6 08:55:26 UTC 2026
// 重构日志: 78aaa888
